// Jest Snapshot v1, https://goo.gl/fbAQLP

exports[`renders without crashing 1`] = `
<div
  className="App"
>
  <header
    className="header"
  >
    <h1
      className="title"
    >
      Make Oatmeal
    </h1>
  </header>
  <div>
    Time right now: 
    13:21
  </div>
  <div>
    Time to be ready: 
    06:30
  </div>
  <button
    onClick={[Function]}
    type="button"
  >
    06:30
  </button>
  <button
    onClick={[Function]}
    type="button"
  >
    07:00
  </button>
  <button
    onClick={[Function]}
    type="button"
  >
    08:00
  </button>
  <button
    onClick={[Function]}
    type="button"
  >
    +
    15
  </button>
  <button
    onClick={[Function]}
    type="button"
  >
    -
    15
  </button>
  <button
    onClick={[Function]}
    type="button"
  >
    +
    01:00
  </button>
  <button
    onClick={[Function]}
    type="button"
  >
    -
    01:00
  </button>
  <div>
    Time to cook: 
    02:30
  </div>
  <button
    onClick={[Function]}
    type="button"
  >
    02:30
  </button>
  <button
    onClick={[Function]}
    type="button"
  >
    08:00
  </button>
  <button
    onClick={[Function]}
    type="button"
  >
    +
    15
  </button>
  <button
    onClick={[Function]}
    type="button"
  >
    -
    15
  </button>
  <button
    onClick={[Function]}
    type="button"
  >
    +
    01:00
  </button>
  <button
    onClick={[Function]}
    type="button"
  >
    -
    01:00
  </button>
  <div>
    Time to wait: 
    14:39
  </div>
</div>
`;
