// Jest Snapshot v1, https://goo.gl/fbAQLP

exports[`renders without crashing 1`] = `
<div
  className="App"
>
  <header
    className="header"
  >
    <h1
      className="title"
    >
      Make Oatmeal
    </h1>
  </header>
  <div>
    <p>
      Time right now
    </p>
    <div>
      13:21
    </div>
  </div>
  <div>
    <p>
      Time to be ready
    </p>
    <button
      onClick={[Function]}
    >
      06:30
    </button>
    <button
      onClick={[Function]}
    >
      07:00
    </button>
    <button
      onClick={[Function]}
    >
      08:00
    </button>
    <button
      onClick={[Function]}
    >
      +
      15
    </button>
    <button
      onClick={[Function]}
    >
      -
      15
    </button>
    <button
      onClick={[Function]}
    >
      +
      01:00
    </button>
    <button
      onClick={[Function]}
    >
      -
      01:00
    </button>
    <div>
      06:30
    </div>
  </div>
  <div>
    <p>
      Time to cook
    </p>
    <button
      onClick={[Function]}
    >
      02:30
    </button>
    <button
      onClick={[Function]}
    >
      08:00
    </button>
    <button
      onClick={[Function]}
    >
      +
      15
    </button>
    <button
      onClick={[Function]}
    >
      -
      15
    </button>
    <button
      onClick={[Function]}
    >
      +
      01:00
    </button>
    <button
      onClick={[Function]}
    >
      -
      01:00
    </button>
    <div>
      02:30
    </div>
  </div>
  <div>
    <p>
      Time to wait
    </p>
    <div>
      10:39
    </div>
  </div>
</div>
`;
